<html>
  <head>
    <meta http-equiv="refresh" content="0;URL=https://mattheaphy.github.io/actxps/reference/plot_special.html" />
    <meta name="robots" content="noindex">
    <link rel="canonical" href="https://mattheaphy.github.io/actxps/reference/plot_special.html">
  </head>
</html>

